// Jest Snapshot v1, https://goo.gl/fbAQLP

exports[`it should render the add photo page 1`] = `
<div>
  <div>
    <h1>
      Add Photos
    </h1>
  </div>
  <div>
    <PhotoForm
      onSubmit={[Function]}
    />
  </div>
</div>
`;
