// Jest Snapshot v1, https://goo.gl/fbAQLP

exports[`should render Login page 1`] = `
<div
  className="box-layout"
>
  <div
    className="box-layout__box"
  >
    <h1
      className="box-layout__title"
    >
      Photo Mosaic
    </h1>
    <p>
      Enjoy your photos anytime!
    </p>
    <br />
    <button
      className="button"
    >
      Login with Google
    </button>
  </div>
</div>
`;
