// Jest Snapshot v1, https://goo.gl/fbAQLP

exports[`should render when page is not found 1`] = `
<div>
  404 - 
  <Link
    replace={false}
    to="/"
  >
    Go Home
  </Link>
</div>
`;
